MemTotal:       65437016 kB
MemFree:        11754092 kB
MemAvailable:   23489288 kB
Buffers:          271284 kB
Cached:          1576852 kB
SwapCached:        22700 kB
Active:         20727832 kB
Inactive:       16827688 kB
Active(anon):   19535900 kB
Inactive(anon): 16242104 kB
Active(file):    1191932 kB
Inactive(file):   585584 kB
Unevictable:        2856 kB
Mlocked:             980 kB
SwapTotal:       3145716 kB
SwapFree:             36 kB
Zswap:                 0 kB
Zswapped:              0 kB
Dirty:                56 kB
Writeback:             0 kB
AnonPages:      35687980 kB
Mapped:           356956 kB
Shmem:             69724 kB
KReclaimable:   11547928 kB
Slab:           12978620 kB
SReclaimable:   11547928 kB
SUnreclaim:      1430692 kB
KernelStack:      106256 kB
PageTables:       305844 kB
SecPageTables:      3556 kB
NFS_Unstable:          0 kB
Bounce:                0 kB
WritebackTmp:          0 kB
CommitLimit:    35864224 kB
Committed_AS:   69120256 kB
VmallocTotal:   34359738367 kB
VmallocUsed:      631624 kB
VmallocChunk:          0 kB
Percpu:            52608 kB
HardwareCorrupted:     0 kB
AnonHugePages:         0 kB
ShmemHugePages:        0 kB
ShmemPmdMapped:        0 kB
FileHugePages:         0 kB
FilePmdMapped:         0 kB
Unaccepted:            0 kB
HugePages_Total:       0
HugePages_Free:        0
HugePages_Rsvd:        0
HugePages_Surp:        0
Hugepagesize:       2048 kB
Hugetlb:               0 kB
DirectMap4k:     1158884 kB
DirectMap2M:    38283264 kB
DirectMap1G:    28311552 kB
